#-----------------------------------------------------------
# Vivado v2025.1 (64-bit)
# SW Build 6140274 on Thu May 22 00:12:29 MDT 2025
# IP Build 6138677 on Thu May 22 03:10:11 MDT 2025
# SharedData Build 6139179 on Tue May 20 17:58:58 MDT 2025
# Start of session at: Mon Nov 24 14:58:29 2025
# Process ID         : 24920
# Current directory  : C:/Users/ASUS/OneDrive/Documents/DSC/DSC.runs/synth_1
# Command line       : vivado.exe -log assymetry_calc.vds -product Vivado -mode batch -messageDb vivado.pb -notrace -source assymetry_calc.tcl
# Log file           : C:/Users/ASUS/OneDrive/Documents/DSC/DSC.runs/synth_1/assymetry_calc.vds
# Journal file       : C:/Users/ASUS/OneDrive/Documents/DSC/DSC.runs/synth_1\vivado.jou
# Running On         : Yaksh
# Platform           : Windows Server 2016 or Windows 10
# Operating System   : 26200
# Processor Detail   : AMD Ryzen 7 4800H with Radeon Graphics         
# CPU Frequency      : 2895 MHz
# CPU Physical cores : 8
# CPU Logical cores  : 16
# Host memory        : 7966 MB
# Swap memory        : 9716 MB
# Total Virtual      : 17682 MB
# Available Virtual  : 2233 MB
#-----------------------------------------------------------
source assymetry_calc.tcl -notrace
